HelpIndex
HelpOnEditing
UserPreferences
UploadFileMacro
MoniWiki/HotKeys
DeleteThisPage
FastSearchMacro
InterWikiIcons
DisqusCommentsMacro
SystemInfo
HelpOnSmileys
HelpOnSubPages
PlayMacro
BlogChanges
OekakiMacro
HelpOnCvsInstallation
CategoryEmpty
IsbnMap
FrontPage
HelpOnSubPages/SubPages
MoniWikiPlugins
TableOfContentsMacro
HelpOnInstallation
InterWiki
HomepageTemplate
MoniWikiProcessor
PageListMacro
FortunePlugin
RandomQuoteMacro
OrphanedPagesMacro
MoniWikiOptions
WikiSlide
HelpOnTables
BlogChangesMacro
RecentChangesMacro
WikiSandBox
CategoryHomepage
__TEST
BlogArchivesMacro
VoteMacro
IsbnMacro
FullSearchMacro
UrlMappingMacro
PatternTemplate
MoniWikiTutorial
DueDateMacro
HelpOnNameSpace
BlogCategoriesMacro
RecentChanges
FortuneCookies
HelpOnProcessors
HelpOnInstallation/SetGid
HelpOnUpdating
HelpTemplate
HelpForDevelopers
UploadedFiles
HelpOnConfiguration
CommentMacro
HelpOnXmlPages
HelpOnPageDeletion
CategorySoftwareTool
HelpOnLists/Dev
MoniWikiACL
HelpOnFormatting
HelpOnInstalling
BadContent
HelpMiscellaneous
DateTimeMacro
InterMap
HelpOnGitInstallation
WikiWikiWeb
HelpOnMacros
FortuneMacro
HelpOnAdministration
HelpContents
MediaMacro
HelpOnUserPreferences
HelpOnVariables
CategoryTemplate
AttachmentMacro
InterMapIcon
PageHitsMacro
AliasPageNames
CalendarMacro
TitleIndex
CategoryCategory
HelpOnProcessingInstructions
HelpOnSpellCheck
FindPage
HelpOnInstallation/MultipleUser
HelpOnBasicTextFormatting
InlineMacro
PluginInfoMacro
HelpOnPageCreation
HelpOnNavigation
HelpOnActions
DrawMacro
HelpOnLinking
FootNoteMacro
NavigationMacro
HelpOnHeadlines
HelpForBeginners
EditTextForm
HelpOnRules
DynamicMacro
CategoryMacro
IncludeMacro
HelpOnLists
RandomPageMacro
WordIndex
__TEST
집죽척
집에 돌아오면 반드시 죽은 척을 하고 있습니다.
카페규칙
위키지기
반달리즘
c9.io
회원
10분 글쓰기
리뷰지기
생강
생강/모에화
집에 돌아오면 반드시 죽은 척을 하고 있습니다.
십글모
리넬루시아
갱
스탭진
집에돌아오면반드시죽은척을하고있습니다
운영진
살려야한다
